This file contains any messages produced by compilers while
running configure, to aid debugging if configure makes a mistake.

It was created by abiword configure 3.1.0, which was
generated by GNU Autoconf 2.72.  Invocation command line was

  $ ./configure --enable-maintainer-mode

## --------- ##
## Platform. ##
## --------- ##

hostname = DESKTOP-CLQLNA8
uname -m = x86_64
uname -r = 3.6.5-0eeda3e1.x86_64
uname -s = MINGW64_NT-10.0-19045
uname -v = 2025-10-10 14:51 UTC

/usr/bin/uname -p = unknown
/bin/uname -X     = unknown

/bin/arch              = x86_64
/usr/bin/arch -k       = unknown
/usr/convex/getsysinfo = unknown
/usr/bin/hostinfo      = unknown
/bin/machine           = unknown
/usr/bin/oslevel       = unknown
/bin/universe          = unknown

PATH: /mingw64/bin/
PATH: /usr/local/bin/
PATH: /usr/bin/
PATH: /bin/
PATH: /c/Windows/System32/
PATH: /c/Windows/
PATH: /c/Windows/System32/Wbem/
PATH: /c/Windows/System32/WindowsPowerShell/v1.0/
PATH: /usr/bin/site_perl/
PATH: /usr/bin/vendor_perl/
PATH: /usr/bin/core_perl/
PATH: /mingw64/lib/rustup/bin/


## ----------- ##
## Core tests. ##
## ----------- ##

configure:3011: loading site script /etc/config.site
| # This file is in public domain.
| # Original author: Karlson2k (Evgeny Grin)
| # Written for MSys2 to help running 'configure' scripts
| 
| # Defaults for MSys2/MinGW64-targeted programs
| 
| # Set proper selfname on bash and fallback to default name on other shells
| test -n "${BASH_SOURCE}" 2>/dev/null && config_site_me="${BASH_SOURCE[0]##*/}" || config_site_me=config.site
| 
| # Set default 'host' to speedup configure
| if test -z "$build_alias"; then
|   build_alias="${MSYSTEM_CHOST}"  && \
|     ${as_echo-echo} "$config_site_me:${as_lineno-$LINENO}: default build_alias set to $build_alias" >&5
| fi
| 
| # Set default 'prefix'
| if ( test -z "$prefix" || test "x$prefix" = "xNONE" ) && \
|     ( test -z "$exec_prefix" || test "x$exec_prefix" = "xNONE" ); then
|   prefix="${MSYSTEM_PREFIX}" && \
|     ${as_echo-echo} "$config_site_me:${as_lineno-$LINENO}: default prefix set to $prefix" >&5
| fi
config.site:13: default build_alias set to x86_64-w64-mingw32
config.site:20: default prefix set to /mingw64
configure:3604: looking for aux files: ltmain.sh compile missing install-sh config.guess config.sub
configure:3617:  trying ./
configure:3646:   ./ltmain.sh found
configure:3617:  trying ./../
configure:3617:  trying ./../../
configure:3670: error: cannot find required auxiliary files: compile missing install-sh config.guess config.sub

## ---------------- ##
## Cache variables. ##
## ---------------- ##

ac_cv_env_AIKSAURUS_CFLAGS_set=
ac_cv_env_AIKSAURUS_CFLAGS_value=
ac_cv_env_AIKSAURUS_LIBS_set=
ac_cv_env_AIKSAURUS_LIBS_value=
ac_cv_env_APPLIX_CFLAGS_set=
ac_cv_env_APPLIX_CFLAGS_value=
ac_cv_env_APPLIX_LIBS_set=
ac_cv_env_APPLIX_LIBS_value=
ac_cv_env_CCC_set=
ac_cv_env_CCC_value=
ac_cv_env_CC_set=
ac_cv_env_CC_value=
ac_cv_env_CFLAGS_set=
ac_cv_env_CFLAGS_value=
ac_cv_env_CHAMPLAIN_CFLAGS_set=
ac_cv_env_CHAMPLAIN_CFLAGS_value=
ac_cv_env_CHAMPLAIN_LIBS_set=
ac_cv_env_CHAMPLAIN_LIBS_value=
ac_cv_env_CLARISWORKS_CFLAGS_set=
ac_cv_env_CLARISWORKS_CFLAGS_value=
ac_cv_env_CLARISWORKS_LIBS_set=
ac_cv_env_CLARISWORKS_LIBS_value=
ac_cv_env_COLLAB_CFLAGS_set=
ac_cv_env_COLLAB_CFLAGS_value=
ac_cv_env_COLLAB_LIBS_set=
ac_cv_env_COLLAB_LIBS_value=
ac_cv_env_CPPFLAGS_set=
ac_cv_env_CPPFLAGS_value=
ac_cv_env_CXXCPP_set=
ac_cv_env_CXXCPP_value=
ac_cv_env_CXXFLAGS_set=
ac_cv_env_CXXFLAGS_value=
ac_cv_env_CXX_set=
ac_cv_env_CXX_value=
ac_cv_env_DEPS_CFLAGS_set=
ac_cv_env_DEPS_CFLAGS_value=
ac_cv_env_DEPS_LIBS_set=
ac_cv_env_DEPS_LIBS_value=
ac_cv_env_DOCBOOK_CFLAGS_set=
ac_cv_env_DOCBOOK_CFLAGS_value=
ac_cv_env_DOCBOOK_LIBS_set=
ac_cv_env_DOCBOOK_LIBS_value=
ac_cv_env_EPUB_CFLAGS_set=
ac_cv_env_EPUB_CFLAGS_value=
ac_cv_env_EPUB_LIBS_set=
ac_cv_env_EPUB_LIBS_value=
ac_cv_env_GARBLE_CFLAGS_set=
ac_cv_env_GARBLE_CFLAGS_value=
ac_cv_env_GARBLE_LIBS_set=
ac_cv_env_GARBLE_LIBS_value=
ac_cv_env_GDA_CFLAGS_set=
ac_cv_env_GDA_CFLAGS_value=
ac_cv_env_GDA_LIBS_set=
ac_cv_env_GDA_LIBS_value=
ac_cv_env_GRAMMAR_CFLAGS_set=
ac_cv_env_GRAMMAR_CFLAGS_value=
ac_cv_env_GRAMMAR_LIBS_set=
ac_cv_env_GRAMMAR_LIBS_value=
ac_cv_env_HANCOM_CFLAGS_set=
ac_cv_env_HANCOM_CFLAGS_value=
ac_cv_env_HANCOM_LIBS_set=
ac_cv_env_HANCOM_LIBS_value=
ac_cv_env_KWORD_CFLAGS_set=
ac_cv_env_KWORD_CFLAGS_value=
ac_cv_env_KWORD_LIBS_set=
ac_cv_env_KWORD_LIBS_value=
ac_cv_env_LDFLAGS_set=
ac_cv_env_LDFLAGS_value=
ac_cv_env_LIBGSF_CFLAGS_set=
ac_cv_env_LIBGSF_CFLAGS_value=
ac_cv_env_LIBGSF_LIBS_set=
ac_cv_env_LIBGSF_LIBS_value=
ac_cv_env_LIBS_set=
ac_cv_env_LIBS_value=
ac_cv_env_LIBXSLT_CFLAGS_set=
ac_cv_env_LIBXSLT_CFLAGS_value=
ac_cv_env_LIBXSLT_LIBS_set=
ac_cv_env_LIBXSLT_LIBS_value=
ac_cv_env_LOADBINDINGS_CFLAGS_set=
ac_cv_env_LOADBINDINGS_CFLAGS_value=
ac_cv_env_LOADBINDINGS_LIBS_set=
ac_cv_env_LOADBINDINGS_LIBS_value=
ac_cv_env_LT_SYS_LIBRARY_PATH_set=
ac_cv_env_LT_SYS_LIBRARY_PATH_value=
ac_cv_env_MATHVIEW_CFLAGS_set=
ac_cv_env_MATHVIEW_CFLAGS_value=
ac_cv_env_MATHVIEW_LIBS_set=
ac_cv_env_MATHVIEW_LIBS_value=
ac_cv_env_MHT_CFLAGS_set=
ac_cv_env_MHT_CFLAGS_value=
ac_cv_env_MHT_LIBS_set=
ac_cv_env_MHT_LIBS_value=
ac_cv_env_MSWRITE_CFLAGS_set=
ac_cv_env_MSWRITE_CFLAGS_value=
ac_cv_env_MSWRITE_LIBS_set=
ac_cv_env_MSWRITE_LIBS_value=
ac_cv_env_OPENDOCUMENT_CFLAGS_set=
ac_cv_env_OPENDOCUMENT_CFLAGS_value=
ac_cv_env_OPENDOCUMENT_LIBS_set=
ac_cv_env_OPENDOCUMENT_LIBS_value=
ac_cv_env_OPENWRITER_CFLAGS_set=
ac_cv_env_OPENWRITER_CFLAGS_value=
ac_cv_env_OPENWRITER_LIBS_set=
ac_cv_env_OPENWRITER_LIBS_value=
ac_cv_env_OPENXML_CFLAGS_set=
ac_cv_env_OPENXML_CFLAGS_value=
ac_cv_env_OPENXML_LIBS_set=
ac_cv_env_OPENXML_LIBS_value=
ac_cv_env_OTS_CFLAGS_set=
ac_cv_env_OTS_CFLAGS_value=
ac_cv_env_OTS_LIBS_set=
ac_cv_env_OTS_LIBS_value=
ac_cv_env_PDB_CFLAGS_set=
ac_cv_env_PDB_CFLAGS_value=
ac_cv_env_PDB_LIBS_set=
ac_cv_env_PDB_LIBS_value=
ac_cv_env_PDF_CFLAGS_set=
ac_cv_env_PDF_CFLAGS_value=
ac_cv_env_PDF_LIBS_set=
ac_cv_env_PDF_LIBS_value=
ac_cv_env_PKG_CONFIG_LIBDIR_set=
ac_cv_env_PKG_CONFIG_LIBDIR_value=
ac_cv_env_PKG_CONFIG_PATH_set=set
ac_cv_env_PKG_CONFIG_PATH_value=/mingw64/lib/pkgconfig:/mingw64/share/pkgconfig
ac_cv_env_PKG_CONFIG_set=
ac_cv_env_PKG_CONFIG_value=
ac_cv_env_PLUGIN_CFLAGS_set=
ac_cv_env_PLUGIN_CFLAGS_value=
ac_cv_env_PLUGIN_LIBS_set=
ac_cv_env_PLUGIN_LIBS_value=
ac_cv_env_PNG_CFLAGS_set=
ac_cv_env_PNG_CFLAGS_value=
ac_cv_env_PNG_LIBS_set=
ac_cv_env_PNG_LIBS_value=
ac_cv_env_PYTHON_set=
ac_cv_env_PYTHON_value=
ac_cv_env_RSVG_CFLAGS_set=
ac_cv_env_RSVG_CFLAGS_value=
ac_cv_env_RSVG_LIBS_set=
ac_cv_env_RSVG_LIBS_value=
ac_cv_env_SDW_CFLAGS_set=
ac_cv_env_SDW_CFLAGS_value=
ac_cv_env_SDW_LIBS_set=
ac_cv_env_SDW_LIBS_value=
ac_cv_env_T602_CFLAGS_set=
ac_cv_env_T602_CFLAGS_value=
ac_cv_env_T602_LIBS_set=
ac_cv_env_T602_LIBS_value=
ac_cv_env_WML_CFLAGS_set=
ac_cv_env_WML_CFLAGS_value=
ac_cv_env_WML_LIBS_set=
ac_cv_env_WML_LIBS_value=
ac_cv_env_WORDPERFECT_CFLAGS_set=
ac_cv_env_WORDPERFECT_CFLAGS_value=
ac_cv_env_WORDPERFECT_LIBS_set=
ac_cv_env_WORDPERFECT_LIBS_value=
ac_cv_env_WPG_CFLAGS_set=
ac_cv_env_WPG_CFLAGS_value=
ac_cv_env_WPG_LIBS_set=
ac_cv_env_WPG_LIBS_value=
ac_cv_env_XSLFO_CFLAGS_set=
ac_cv_env_XSLFO_CFLAGS_value=
ac_cv_env_XSLFO_LIBS_set=
ac_cv_env_XSLFO_LIBS_value=
ac_cv_env_build_alias_set=
ac_cv_env_build_alias_value=
ac_cv_env_host_alias_set=
ac_cv_env_host_alias_value=
ac_cv_env_target_alias_set=
ac_cv_env_target_alias_value=

## ----------------- ##
## Output variables. ##
## ----------------- ##

ABIWORD_CONTENTSDIR=''
ABIWORD_DATADIR=''
ABIWORD_HEADERSDIR=''
ABIWORD_ICONDIR=''
ABIWORD_LIBDIR=''
ABIWORD_MACOSDIR=''
ABIWORD_OMMLXSLTDIR=''
ABIWORD_PLUGINSDIR=''
ABIWORD_REQUIRED_PKGS=''
ABIWORD_SERIES=''
ABIWORD_UIDIR=''
ABIWORD_XSLTMLDIR=''
ABI_SUB_SERIES=''
ABI_XHTML_MHT_FALSE=''
ABI_XHTML_MHT_TRUE=''
ABI_XHTML_TIDY_FALSE=''
ABI_XHTML_TIDY_TRUE=''
ABI_XHTML_XML2_FALSE=''
ABI_XHTML_XML2_TRUE=''
ACLOCAL=''
AF_CPPFLAGS=''
AF_TEST_CPPFLAGS=''
AIKSAURUS_BUILTIN_FALSE=''
AIKSAURUS_BUILTIN_TRUE=''
AIKSAURUS_CFLAGS=''
AIKSAURUS_LIBS=''
ALL_PLUGINS=''
AMDEPBACKSLASH=''
AMDEP_FALSE=''
AMDEP_TRUE=''
AMTAR=''
AM_BACKSLASH=''
AM_DEFAULT_V=''
AM_DEFAULT_VERBOSITY=''
AM_V=''
APPLIX_BUILTIN_FALSE=''
APPLIX_BUILTIN_TRUE=''
APPLIX_CFLAGS=''
APPLIX_LIBS=''
AR=''
AS=''
AUTOCONF=''
AUTOHEADER=''
AUTOMAKE=''
AWK=''
BASE_CPPFLAGS=''
BMP_BUILTIN_FALSE=''
BMP_BUILTIN_TRUE=''
BMP_CFLAGS=''
BMP_LIBS=''
BOOST_CPPFLAGS=''
BOOST_LDFLAGS=''
BUILTIN_PLUGINS=''
BUILTIN_PLUGINS_LA=''
CC=''
CCDEPMODE=''
CFLAGS=''
CHAMPLAIN_CFLAGS=''
CHAMPLAIN_LIBS=''
CLARISWORKS_BUILTIN_FALSE=''
CLARISWORKS_BUILTIN_TRUE=''
CLARISWORKS_CFLAGS=''
CLARISWORKS_LIBS=''
COLLAB_BACKEND_FAKE_FALSE=''
COLLAB_BACKEND_FAKE_TRUE=''
COLLAB_BACKEND_SERVICE_FALSE=''
COLLAB_BACKEND_SERVICE_TRUE=''
COLLAB_BACKEND_SIPSIMPLE_FALSE=''
COLLAB_BACKEND_SIPSIMPLE_TRUE=''
COLLAB_BACKEND_SUGAR_FALSE=''
COLLAB_BACKEND_SUGAR_TRUE=''
COLLAB_BACKEND_TCP_FALSE=''
COLLAB_BACKEND_TCP_TRUE=''
COLLAB_BACKEND_TELEPATHY_FALSE=''
COLLAB_BACKEND_TELEPATHY_TRUE=''
COLLAB_BACKEND_XMPP_FALSE=''
COLLAB_BACKEND_XMPP_TRUE=''
COLLAB_BUILTIN_FALSE=''
COLLAB_BUILTIN_TRUE=''
COLLAB_CFLAGS=''
COLLAB_LIBS=''
COLLAB_RCFLAGS=''
COLLAB_RECORD_ALWAYS_FALSE=''
COLLAB_RECORD_ALWAYS_TRUE=''
COMMAND_BUILTIN_FALSE=''
COMMAND_BUILTIN_TRUE=''
COMMAND_CFLAGS=''
COMMAND_LIBS=''
CONVERT=''
CPPFLAGS=''
CSCOPE=''
CTAGS=''
CXX=''
CXXCPP=''
CXXDEPMODE=''
CXXFLAGS=''
CYGPATH_W=''
DEBUG_FALSE=''
DEBUG_TRUE=''
DEFS=''
DEPDIR=''
DEPS_CFLAGS=''
DEPS_LIBS=''
DLLTOOL=''
DOCBOOK_BUILTIN_FALSE=''
DOCBOOK_BUILTIN_TRUE=''
DOCBOOK_CFLAGS=''
DOCBOOK_LIBS=''
DSYMUTIL=''
DUMPBIN=''
ECHO_C=''
ECHO_N='-n'
ECHO_T=''
EGREP=''
EML_BUILTIN_FALSE=''
EML_BUILTIN_TRUE=''
EML_CFLAGS=''
EML_LIBS=''
ENABLE_CLIPART_FALSE=''
ENABLE_CLIPART_TRUE=''
ENABLE_DYNAMIC_FALSE=''
ENABLE_DYNAMIC_TRUE=''
ENABLE_EMACS_KEYBINDING_FALSE=''
ENABLE_EMACS_KEYBINDING_TRUE=''
ENABLE_MENUBUTTON_FALSE=''
ENABLE_MENUBUTTON_TRUE=''
ENABLE_PRINT_FALSE=''
ENABLE_PRINT_TRUE=''
ENABLE_SPELL_FALSE=''
ENABLE_SPELL_TRUE=''
ENABLE_STATIC_FALSE=''
ENABLE_STATIC_TRUE=''
ENABLE_STATUSBAR_FALSE=''
ENABLE_STATUSBAR_TRUE=''
ENABLE_TEMPLATES_FALSE=''
ENABLE_TEMPLATES_TRUE=''
ENABLE_VI_KEYBINDING_FALSE=''
ENABLE_VI_KEYBINDING_TRUE=''
EPUB_BUILTIN_FALSE=''
EPUB_BUILTIN_TRUE=''
EPUB_CFLAGS=''
EPUB_LIBS=''
ETAGS=''
EXEEXT=''
FGREP=''
FILECMD=''
GARBLE_BUILTIN_FALSE=''
GARBLE_BUILTIN_TRUE=''
GARBLE_CFLAGS=''
GARBLE_LIBS=''
GDA_BUILTIN_FALSE=''
GDA_BUILTIN_TRUE=''
GDA_CFLAGS=''
GDA_LIBS=''
GDICT_BUILTIN_FALSE=''
GDICT_BUILTIN_TRUE=''
GDICT_CFLAGS=''
GDICT_LIBS=''
GIMP_BUILTIN_FALSE=''
GIMP_BUILTIN_TRUE=''
GIMP_CFLAGS=''
GIMP_LIBS=''
GIRDIR=''
GOFFICE_BUILTIN_FALSE=''
GOFFICE_BUILTIN_TRUE=''
GOFFICE_CFLAGS=''
GOFFICE_LIBS=''
GOOGLE_BUILTIN_FALSE=''
GOOGLE_BUILTIN_TRUE=''
GOOGLE_CFLAGS=''
GOOGLE_LIBS=''
GRAMMAR_BUILTIN_FALSE=''
GRAMMAR_BUILTIN_TRUE=''
GRAMMAR_CFLAGS=''
GRAMMAR_LIBS=''
GREP=''
HANCOM_BUILTIN_FALSE=''
HANCOM_BUILTIN_TRUE=''
HANCOM_CFLAGS=''
HANCOM_LIBS=''
HAVE_CHAMPLAIN_FALSE=''
HAVE_CHAMPLAIN_TRUE=''
HAVE_CXX11=''
HAVE_EVOLUTION_DATA_SERVER_FALSE=''
HAVE_EVOLUTION_DATA_SERVER_TRUE=''
HAVE_GCRYPT_FALSE=''
HAVE_GCRYPT_TRUE=''
HAVE_INTROSPECTION_FALSE=''
HAVE_INTROSPECTION_TRUE=''
HAVE_LIBICAL_FALSE=''
HAVE_LIBICAL_TRUE=''
HAVE_LIBXSLT_FALSE=''
HAVE_LIBXSLT_TRUE=''
HAVE_PERL=''
HAVE_REDLAND_FALSE=''
HAVE_REDLAND_TRUE=''
HRTEXT_BUILTIN_FALSE=''
HRTEXT_BUILTIN_TRUE=''
HRTEXT_CFLAGS=''
HRTEXT_LIBS=''
IMPEXP_CPPFLAGS=''
IMPEXP_TEST_CPPFLAGS=''
INSTALL_DATA=''
INSTALL_PROGRAM=''
INSTALL_SCRIPT=''
INSTALL_STRIP_PROGRAM=''
INTROSPECTION_CFLAGS=''
INTROSPECTION_COMPILER=''
INTROSPECTION_GENERATE=''
INTROSPECTION_GIRDIR=''
INTROSPECTION_LIBS=''
INTROSPECTION_MAKEFILE=''
INTROSPECTION_SCANNER=''
INTROSPECTION_TYPELIBDIR=''
ISCII_BUILTIN_FALSE=''
ISCII_BUILTIN_TRUE=''
ISCII_CFLAGS=''
ISCII_LIBS=''
KWORD_BUILTIN_FALSE=''
KWORD_BUILTIN_TRUE=''
KWORD_CFLAGS=''
KWORD_LIBS=''
LATEX_BUILTIN_FALSE=''
LATEX_BUILTIN_TRUE=''
LATEX_CFLAGS=''
LATEX_LIBS=''
LD=''
LDFLAGS=''
LIBGCRYPT_CFLAGS=''
LIBGCRYPT_CONFIG=''
LIBGCRYPT_LIBS=''
LIBGSF_CFLAGS=''
LIBGSF_LIBS=''
LIBOBJS=''
LIBS=''
LIBTOOL=''
LIBXSLT_CFLAGS=''
LIBXSLT_LIBS=''
LIPO=''
LN_S=''
LOADBINDINGS_BUILTIN_FALSE=''
LOADBINDINGS_BUILTIN_TRUE=''
LOADBINDINGS_CFLAGS=''
LOADBINDINGS_LIBS=''
LTLIBOBJS=''
LT_SYS_LIBRARY_PATH=''
MAINT=''
MAINTAINER_MODE_FALSE=''
MAINTAINER_MODE_TRUE=''
MAKEINFO=''
MANIFEST_TOOL=''
MATHVIEW_BUILTIN_FALSE=''
MATHVIEW_BUILTIN_TRUE=''
MATHVIEW_CFLAGS=''
MATHVIEW_LIBS=''
MHT_BUILTIN_FALSE=''
MHT_BUILTIN_TRUE=''
MHT_CFLAGS=''
MHT_LIBS=''
MIF_BUILTIN_FALSE=''
MIF_BUILTIN_TRUE=''
MIF_CFLAGS=''
MIF_LIBS=''
MKDIR_P=''
MOC=''
MSWRITE_BUILTIN_FALSE=''
MSWRITE_BUILTIN_TRUE=''
MSWRITE_CFLAGS=''
MSWRITE_LIBS=''
NM=''
NMEDIT=''
OBJDUMP=''
OBJEXT=''
OPENDOCUMENT_BUILTIN_FALSE=''
OPENDOCUMENT_BUILTIN_TRUE=''
OPENDOCUMENT_CFLAGS=''
OPENDOCUMENT_LIBS=''
OPENWRITER_BUILTIN_FALSE=''
OPENWRITER_BUILTIN_TRUE=''
OPENWRITER_CFLAGS=''
OPENWRITER_LIBS=''
OPENXML_BUILTIN_FALSE=''
OPENXML_BUILTIN_TRUE=''
OPENXML_CFLAGS=''
OPENXML_LIBS=''
OPML_BUILTIN_FALSE=''
OPML_BUILTIN_TRUE=''
OPML_CFLAGS=''
OPML_LIBS=''
OTOOL64=''
OTOOL=''
OTS_BUILTIN_FALSE=''
OTS_BUILTIN_TRUE=''
OTS_CFLAGS=''
OTS_LIBS=''
PACKAGE=''
PACKAGE_BUGREPORT='http://www.abisource.com/'
PACKAGE_NAME='abiword'
PACKAGE_STRING='abiword 3.1.0'
PACKAGE_TARNAME='abiword'
PACKAGE_URL=''
PACKAGE_VERSION='3.1.0'
PAINT_BUILTIN_FALSE=''
PAINT_BUILTIN_TRUE=''
PAINT_CFLAGS=''
PAINT_LIBS=''
PASSEPARTOUT_BUILTIN_FALSE=''
PASSEPARTOUT_BUILTIN_TRUE=''
PASSEPARTOUT_CFLAGS=''
PASSEPARTOUT_LIBS=''
PATH_SEPARATOR=':'
PDB_BUILTIN_FALSE=''
PDB_BUILTIN_TRUE=''
PDB_CFLAGS=''
PDB_LIBS=''
PDF_BUILTIN_FALSE=''
PDF_BUILTIN_TRUE=''
PDF_CFLAGS=''
PDF_LIBS=''
PKG_CONFIG=''
PKG_CONFIG_LIBDIR=''
PKG_CONFIG_PATH='/mingw64/lib/pkgconfig:/mingw64/share/pkgconfig'
PLATFORM=''
PLUGINS=''
PLUGIN_CFLAGS=''
PLUGIN_LIBS=''
PNG_CFLAGS=''
PNG_LIBS=''
POW_LIB=''
PRESENTATION_BUILTIN_FALSE=''
PRESENTATION_BUILTIN_TRUE=''
PRESENTATION_CFLAGS=''
PRESENTATION_LIBS=''
PSION_BUILTIN_FALSE=''
PSION_BUILTIN_TRUE=''
PSION_CFLAGS=''
PSION_LIBS=''
PYTHON=''
PYTHON_EXEC_PREFIX=''
PYTHON_PLATFORM=''
PYTHON_PREFIX=''
PYTHON_VERSION=''
RANLIB=''
RSVG_BUILTIN_FALSE=''
RSVG_BUILTIN_TRUE=''
RSVG_CFLAGS=''
RSVG_LIBS=''
S5_BUILTIN_FALSE=''
S5_BUILTIN_TRUE=''
S5_CFLAGS=''
S5_LIBS=''
SDW_BUILTIN_FALSE=''
SDW_BUILTIN_TRUE=''
SDW_CFLAGS=''
SDW_LIBS=''
SED=''
SET_MAKE=''
SHELL='/bin/sh'
STRIP=''
T602_BUILTIN_FALSE=''
T602_BUILTIN_TRUE=''
T602_CFLAGS=''
T602_LIBS=''
TESTHARNESS_BUILTIN_FALSE=''
TESTHARNESS_BUILTIN_TRUE=''
TESTHARNESS_CFLAGS=''
TESTHARNESS_LIBS=''
TEXT_CPPFLAGS=''
TEXT_TEST_CPPFLAGS=''
TOOLKIT=''
TOOLKIT_COCOA_FALSE=''
TOOLKIT_COCOA_TRUE=''
TOOLKIT_GTK_ALL_FALSE=''
TOOLKIT_GTK_ALL_TRUE=''
TOOLKIT_GTK_FALSE=''
TOOLKIT_GTK_TRUE=''
TOOLKIT_QT_FALSE=''
TOOLKIT_QT_TRUE=''
TOOLKIT_WIN_FALSE=''
TOOLKIT_WIN_TRUE=''
TYPELIBDIR=''
URLDICT_BUILTIN_FALSE=''
URLDICT_BUILTIN_TRUE=''
URLDICT_CFLAGS=''
URLDICT_LIBS=''
VALGRIND=''
VERSION=''
WIKIPEDIA_BUILTIN_FALSE=''
WIKIPEDIA_BUILTIN_TRUE=''
WIKIPEDIA_CFLAGS=''
WIKIPEDIA_LIBS=''
WITH_BUILTIN_AIKSAURUS_GTK_FALSE=''
WITH_BUILTIN_AIKSAURUS_GTK_TRUE=''
WITH_CAIRO_FALSE=''
WITH_CAIRO_TRUE=''
WITH_CHAMPLAIN_FALSE=''
WITH_CHAMPLAIN_TRUE=''
WITH_EVOLUTION_DATA_SERVER_FALSE=''
WITH_EVOLUTION_DATA_SERVER_TRUE=''
WITH_LIBICAL_FALSE=''
WITH_LIBICAL_TRUE=''
WITH_REDLAND_FALSE=''
WITH_REDLAND_TRUE=''
WMF_BUILTIN_FALSE=''
WMF_BUILTIN_TRUE=''
WMF_CFLAGS=''
WMF_LIBS=''
WML_BUILTIN_FALSE=''
WML_BUILTIN_TRUE=''
WML_CFLAGS=''
WML_LIBS=''
WORDPERFECT_BUILTIN_FALSE=''
WORDPERFECT_BUILTIN_TRUE=''
WORDPERFECT_CFLAGS=''
WORDPERFECT_LIBS=''
WPG_BUILTIN_FALSE=''
WPG_BUILTIN_TRUE=''
WPG_CFLAGS=''
WPG_LIBS=''
WP_CPPFLAGS=''
XSLFO_BUILTIN_FALSE=''
XSLFO_BUILTIN_TRUE=''
XSLFO_CFLAGS=''
XSLFO_LIBS=''
ac_ct_AR=''
ac_ct_CC=''
ac_ct_CXX=''
ac_ct_DUMPBIN=''
am__EXEEXT_FALSE=''
am__EXEEXT_TRUE=''
am__fastdepCC_FALSE=''
am__fastdepCC_TRUE=''
am__fastdepCXX_FALSE=''
am__fastdepCXX_TRUE=''
am__include=''
am__isrc=''
am__leading_dot=''
am__nodep=''
am__quote=''
am__rm_f_notfound=''
am__tar=''
am__untar=''
am__xargs_n=''
bindir='${exec_prefix}/bin'
build=''
build_alias='x86_64-w64-mingw32'
build_cpu=''
build_os=''
build_vendor=''
datadir='${datarootdir}'
datarootdir='${prefix}/share'
docdir='${datarootdir}/doc/${PACKAGE_TARNAME}'
dvidir='${docdir}'
exec_prefix='NONE'
host=''
host_alias=''
host_cpu=''
host_os=''
host_vendor=''
htmldir='${docdir}'
includedir='${prefix}/include'
infodir='${datarootdir}/info'
install_sh=''
libdir='${exec_prefix}/lib'
libexecdir='${exec_prefix}/libexec'
libwmfconfig=''
localedir='${datarootdir}/locale'
localstatedir='${prefix}/var'
mandir='${datarootdir}/man'
mkdir_p=''
oldincludedir='/usr/include'
pdfdir='${docdir}'
pkgpyexecdir=''
pkgpythondir=''
prefix='/mingw64'
program_transform_name='s,x,x,'
psdir='${docdir}'
psiconvconfig=''
pyexecdir=''
pythondir=''
runstatedir='${localstatedir}/run'
sbindir='${exec_prefix}/sbin'
sharedstatedir='${prefix}/com'
sysconfdir='${prefix}/etc'
target_alias=''

## ----------- ##
## confdefs.h. ##
## ----------- ##

/* confdefs.h */
#define PACKAGE_NAME "abiword"
#define PACKAGE_TARNAME "abiword"
#define PACKAGE_VERSION "3.1.0"
#define PACKAGE_STRING "abiword 3.1.0"
#define PACKAGE_BUGREPORT "http://www.abisource.com/"
#define PACKAGE_URL ""

configure: exit 1
